
Allocating common symbols
Common symbol       size              file

sys_alg_id          0x1               main.o
alarm_monitor_id    0x1               alarm_m.o
alarm_act_id        0x1               alarm_a.o
Pressure_value      0x4               PS_D.o
PS_state_id         0x1               main.o

Memory Configuration

Name             Origin             Length             Attributes
FLASH            0x00000000         0x20000000         xr
SRAM             0x20000000         0x20000000         xrw
*default*        0x00000000         0xffffffff

Linker script and memory map


.text           0x00000000      0x3b8
 *(.vectors)
 .vectors       0x00000000       0x10 startup.o
                0x00000000                vectors
 *(.text)
 .text          0x00000010       0xb4 alarm_a.o
                0x00000010                alarm_act_init
                0x0000002c                st_waiting
                0x00000044                stop_alarm
                0x00000060                start_alarm
                0x0000007c                st_led_on
                0x000000a0                st_led_off
 .text          0x000000c4       0x84 alarm_m.o
                0x000000c4                high_pressure_detected
                0x000000e0                st_alarm_off
                0x000000f8                st_alarm_on
                0x00000124                st_waiting_alarm_mon
 .text          0x00000148       0xc4 driver.o
                0x00000148                Delay
                0x00000168                getPressureVal
                0x00000180                Set_Alarm_actuator
                0x000001bc                GPIO_INITIALIZATION
 .text          0x0000020c       0x30 main.o
                0x0000020c                main
 .text          0x0000023c       0x80 PS_D.o
                0x0000023c                PSD_init
                0x00000258                st_PS_reading
                0x00000294                st_PS_waiting
 .text          0x000002bc       0x90 startup.o
                0x000002bc                Default_handler
                0x000002bc                H_fault_Handler
                0x000002bc                NMI_Handler
                0x000002c8                Reset_Handler
 .text          0x0000034c       0x6c sys_alg.o
                0x0000034c                send_Pval
                0x00000378                st_high_pressure_detected
 *.(rodata)
                0x000003b8                . = ALIGN (0x4)
                0x000003b8                _E_text = .

.glue_7         0x000003b8        0x0
 .glue_7        0x000003b8        0x0 linker stubs

.glue_7t        0x000003b8        0x0
 .glue_7t       0x000003b8        0x0 linker stubs

.vfp11_veneer   0x000003b8        0x0
 .vfp11_veneer  0x000003b8        0x0 linker stubs

.v4_bx          0x000003b8        0x0
 .v4_bx         0x000003b8        0x0 linker stubs

.iplt           0x000003b8        0x0
 .iplt          0x000003b8        0x0 alarm_a.o

.rel.dyn        0x000003b8        0x0
 .rel.iplt      0x000003b8        0x0 alarm_a.o

.data           0x20000000       0x14 load address 0x000003b8
                0x20000000                _S_data = .
 *(.data)
 .data          0x20000000        0x0 alarm_a.o
 .data          0x20000000        0x0 alarm_m.o
 .data          0x20000000        0x0 driver.o
 .data          0x20000000       0x10 main.o
                0x20000000                P_PSD_state
                0x20000004                P_sysalg_state
                0x20000008                P_alarm_mon_state
                0x2000000c                P_alarm_act
 .data          0x20000010        0x0 PS_D.o
 .data          0x20000010        0x0 startup.o
 .data          0x20000010        0x4 sys_alg.o
                0x20000010                threshold
                0x20000014                . = ALIGN (0x4)
                0x20000014                _E_data = .

.igot.plt       0x20000014        0x0 load address 0x000003cc
 .igot.plt      0x20000014        0x0 alarm_a.o

.bss            0x20000014     0x100c load address 0x000003cc
                0x20000014                _S_bss = .
 *(.bss)
 .bss           0x20000014        0x0 alarm_a.o
 .bss           0x20000014        0x0 alarm_m.o
 .bss           0x20000014        0x0 driver.o
 .bss           0x20000014        0x0 main.o
 .bss           0x20000014        0x0 PS_D.o
 .bss           0x20000014        0x0 startup.o
 .bss           0x20000014        0x4 sys_alg.o
                0x20000014                pressure_value_
                0x20000018                . = ALIGN (0x4)
                0x20000018                _E_bss = .
                0x20001018                . = (. + 0x1000)
 *fill*         0x20000018     0x1000 
                0x20001018                _stack_top = .
 COMMON         0x20001018        0x1 alarm_a.o
                0x20001018                alarm_act_id
 COMMON         0x20001019        0x1 alarm_m.o
                0x20001019                alarm_monitor_id
 COMMON         0x2000101a        0x2 main.o
                0x2000101a                sys_alg_id
                0x2000101b                PS_state_id
 COMMON         0x2000101c        0x4 PS_D.o
                0x2000101c                Pressure_value
LOAD alarm_a.o
LOAD alarm_m.o
LOAD driver.o
LOAD main.o
LOAD PS_D.o
LOAD startup.o
LOAD sys_alg.o
OUTPUT(high_pressure_detection.elf elf32-littlearm)

.debug_info     0x00000000     0x3ee8
 .debug_info    0x00000000      0xa59 alarm_a.o
 .debug_info    0x00000a59      0xa2f alarm_m.o
 .debug_info    0x00001488      0xa05 driver.o
 .debug_info    0x00001e8d      0xac2 main.o
 .debug_info    0x0000294f      0xa26 PS_D.o
 .debug_info    0x00003375      0x148 startup.o
 .debug_info    0x000034bd      0xa2b sys_alg.o

.debug_abbrev   0x00000000      0xbef
 .debug_abbrev  0x00000000      0x1e1 alarm_a.o
 .debug_abbrev  0x000001e1      0x1e1 alarm_m.o
 .debug_abbrev  0x000003c2      0x1de driver.o
 .debug_abbrev  0x000005a0      0x1cb main.o
 .debug_abbrev  0x0000076b      0x1cb PS_D.o
 .debug_abbrev  0x00000936       0xc7 startup.o
 .debug_abbrev  0x000009fd      0x1f2 sys_alg.o

.debug_loc      0x00000000      0x524
 .debug_loc     0x00000000      0x150 alarm_a.o
 .debug_loc     0x00000150       0xe0 alarm_m.o
 .debug_loc     0x00000230      0x140 driver.o
 .debug_loc     0x00000370       0x2c main.o
 .debug_loc     0x0000039c       0x84 PS_D.o
 .debug_loc     0x00000420       0x7c startup.o
 .debug_loc     0x0000049c       0x88 sys_alg.o

.debug_aranges  0x00000000       0xe0
 .debug_aranges
                0x00000000       0x20 alarm_a.o
 .debug_aranges
                0x00000020       0x20 alarm_m.o
 .debug_aranges
                0x00000040       0x20 driver.o
 .debug_aranges
                0x00000060       0x20 main.o
 .debug_aranges
                0x00000080       0x20 PS_D.o
 .debug_aranges
                0x000000a0       0x20 startup.o
 .debug_aranges
                0x000000c0       0x20 sys_alg.o

.debug_line     0x00000000      0x678
 .debug_line    0x00000000       0xfe alarm_a.o
 .debug_line    0x000000fe       0xf8 alarm_m.o
 .debug_line    0x000001f6      0x114 driver.o
 .debug_line    0x0000030a      0x122 main.o
 .debug_line    0x0000042c       0xf0 PS_D.o
 .debug_line    0x0000051c       0x69 startup.o
 .debug_line    0x00000585       0xf3 sys_alg.o

.debug_str      0x00000000      0x77c
 .debug_str     0x00000000      0x535 alarm_a.o
                                0x5a1 (size before relaxing)
 .debug_str     0x00000535       0x7c alarm_m.o
                                0x5ac (size before relaxing)
 .debug_str     0x000005b1       0x57 driver.o
                                0x56f (size before relaxing)
 .debug_str     0x00000608       0x71 main.o
                                0x606 (size before relaxing)
 .debug_str     0x00000679       0x3b PS_D.o
                                0x586 (size before relaxing)
 .debug_str     0x000006b4       0x80 startup.o
                                0x139 (size before relaxing)
 .debug_str     0x00000734       0x48 sys_alg.o
                                0x594 (size before relaxing)

.comment        0x00000000       0x7e
 .comment       0x00000000       0x7e alarm_a.o
                                 0x7f (size before relaxing)
 .comment       0x0000007e       0x7f alarm_m.o
 .comment       0x0000007e       0x7f driver.o
 .comment       0x0000007e       0x7f main.o
 .comment       0x0000007e       0x7f PS_D.o
 .comment       0x0000007e       0x7f startup.o
 .comment       0x0000007e       0x7f sys_alg.o

.ARM.attributes
                0x00000000       0x33
 .ARM.attributes
                0x00000000       0x33 alarm_a.o
 .ARM.attributes
                0x00000033       0x33 alarm_m.o
 .ARM.attributes
                0x00000066       0x33 driver.o
 .ARM.attributes
                0x00000099       0x33 main.o
 .ARM.attributes
                0x000000cc       0x33 PS_D.o
 .ARM.attributes
                0x000000ff       0x33 startup.o
 .ARM.attributes
                0x00000132       0x33 sys_alg.o

.debug_frame    0x00000000      0x320
 .debug_frame   0x00000000       0xc4 alarm_a.o
 .debug_frame   0x000000c4       0x88 alarm_m.o
 .debug_frame   0x0000014c       0xa0 driver.o
 .debug_frame   0x000001ec       0x2c main.o
 .debug_frame   0x00000218       0x64 PS_D.o
 .debug_frame   0x0000027c       0x50 startup.o
 .debug_frame   0x000002cc       0x54 sys_alg.o
