
Memory Configuration

Name             Origin             Length             Attributes
flash            0x08000000         0x00020000         xr
sram             0x20000000         0x00005000         xrw
*default*        0x00000000         0xffffffff

Linker script and memory map


.text           0x08000000       0x7f
 *(.Vectors*)
 *(.text*)
 .text          0x08000000       0x74 main.o
                0x08000000                main
 .text          0x08000074        0x8 startup.o
 *(.rodata)
 .rodata        0x0800007c        0x3 main.o
                0x0800007c                const_variables
                0x0800007f                _E_text = .

.glue_7         0x08000080        0x0
 .glue_7        0x08000080        0x0 linker stubs

.glue_7t        0x08000080        0x0
 .glue_7t       0x08000080        0x0 linker stubs

.vfp11_veneer   0x08000080        0x0
 .vfp11_veneer  0x08000080        0x0 linker stubs

.v4_bx          0x08000080        0x0
 .v4_bx         0x08000080        0x0 linker stubs

.iplt           0x08000080        0x0
 .iplt          0x08000080        0x0 main.o

.rel.dyn        0x08000080        0x0
 .rel.iplt      0x08000080        0x0 main.o

.data           0x20000000        0x8 load address 0x0800007f
                0x20000000                _S_data = .
 *(.data)
 .data          0x20000000        0x7 main.o
                0x20000000                R_ODR
                0x20000004                g_variables
 .data          0x20000007        0x0 startup.o
                0x20000008                . = ALIGN (0x4)
 *fill*         0x20000007        0x1 
                0x20000008                _E_data = .

.igot.plt       0x20000008        0x0 load address 0x08000087
 .igot.plt      0x20000008        0x0 main.o

.bss            0x20000008     0x1000 load address 0x08000087
                0x20000008                _S_bss = .
 *(.bss)
 .bss           0x20000008        0x0 main.o
 .bss           0x20000008        0x0 startup.o
                0x20000008                . = ALIGN (0x4)
                0x20000008                _E_bss = .
                0x20001008                . = (. + 0x1000)
 *fill*         0x20000008     0x1000 
                0x20001008                _stack_top = .
LOAD main.o
LOAD startup.o
OUTPUT(learn-in-depthcortex_m3.elf elf32-littlearm)

.debug_info     0x00000000      0x1bb
 .debug_info    0x00000000      0x195 main.o
 .debug_info    0x00000195       0x26 startup.o

.debug_abbrev   0x00000000      0x10b
 .debug_abbrev  0x00000000       0xf7 main.o
 .debug_abbrev  0x000000f7       0x14 startup.o

.debug_loc      0x00000000       0x38
 .debug_loc     0x00000000       0x38 main.o

.debug_aranges  0x00000000       0x40
 .debug_aranges
                0x00000000       0x20 main.o
 .debug_aranges
                0x00000020       0x20 startup.o

.debug_line     0x00000000       0xa5
 .debug_line    0x00000000       0x6a main.o
 .debug_line    0x0000006a       0x3b startup.o

.debug_str      0x00000000      0x166
 .debug_str     0x00000000      0x14d main.o
                                0x16b (size before relaxing)
 .debug_str     0x0000014d       0x19 startup.o
                                 0x3f (size before relaxing)

.comment        0x00000000       0x7e
 .comment       0x00000000       0x7e main.o
                                 0x7f (size before relaxing)

.ARM.attributes
                0x00000000       0x31
 .ARM.attributes
                0x00000000       0x33 main.o
 .ARM.attributes
                0x00000033       0x21 startup.o

.vectors        0x00000000       0x50
 .vectors       0x00000000       0x50 startup.o

.debug_frame    0x00000000       0x2c
 .debug_frame   0x00000000       0x2c main.o
