
Allocating common symbols
Common symbol       size              file

bss_arr             0xc               main.o

Memory Configuration

Name             Origin             Length             Attributes
flash            0x08000000         0x00020000         xr
sram             0x20000000         0x00005000         xrw
*default*        0x00000000         0xffffffff

Linker script and memory map


.text           0x08000000      0x123
 *(.Vectors*)
 .Vectors       0x08000000       0x1c startup.o
                0x08000000                Vectors
 *(.text*)
 .text          0x0800001c       0x74 main.o
                0x0800001c                main
 .text          0x08000090       0x90 startup.o
                0x08000090                MM_fault_Handler
                0x08000090                Usage_Fault_Handler
                0x08000090                Bus_Fault
                0x08000090                Default_Handler
                0x08000090                H_fault_Handler
                0x08000090                NMI_Handler
                0x0800009c                Reset_Handler
 *(.rodata)
 .rodata        0x08000120        0x3 main.o
                0x08000120                const_variables
                0x08000123                _E_text = .

.glue_7         0x08000124        0x0
 .glue_7        0x08000124        0x0 linker stubs

.glue_7t        0x08000124        0x0
 .glue_7t       0x08000124        0x0 linker stubs

.vfp11_veneer   0x08000124        0x0
 .vfp11_veneer  0x08000124        0x0 linker stubs

.v4_bx          0x08000124        0x0
 .v4_bx         0x08000124        0x0 linker stubs

.iplt           0x08000124        0x0
 .iplt          0x08000124        0x0 main.o

.rel.dyn        0x08000124        0x0
 .rel.iplt      0x08000124        0x0 main.o

.data           0x20000000        0x8 load address 0x08000123
                0x20000000                _S_data = .
 *(.data)
 .data          0x20000000        0x7 main.o
                0x20000000                R_ODR
                0x20000004                g_variables
 .data          0x20000007        0x0 startup.o
                0x20000008                . = ALIGN (0x4)
 *fill*         0x20000007        0x1 
                0x20000008                _E_data = .

.igot.plt       0x20000008        0x0 load address 0x0800012b
 .igot.plt      0x20000008        0x0 main.o

.bss            0x20000008     0x100c load address 0x0800012b
                0x20000008                _S_bss = .
 *(.bss)
 .bss           0x20000008        0x0 main.o
 .bss           0x20000008        0x0 startup.o
                0x20000008                . = ALIGN (0x4)
                0x20000008                _E_bss = .
                0x20001008                . = (. + 0x1000)
 *fill*         0x20000008     0x1000 
                0x20001008                _stack_top = .
 COMMON         0x20001008        0xc main.o
                0x20001008                bss_arr
LOAD main.o
LOAD startup.o
OUTPUT(learn-in-depthcortex_m3.elf elf32-littlearm)

.debug_info     0x00000000      0x349
 .debug_info    0x00000000      0x1b7 main.o
 .debug_info    0x000001b7      0x192 startup.o

.debug_abbrev   0x00000000      0x1cb
 .debug_abbrev  0x00000000       0xf7 main.o
 .debug_abbrev  0x000000f7       0xd4 startup.o

.debug_loc      0x00000000       0xb4
 .debug_loc     0x00000000       0x38 main.o
 .debug_loc     0x00000038       0x7c startup.o

.debug_aranges  0x00000000       0x40
 .debug_aranges
                0x00000000       0x20 main.o
 .debug_aranges
                0x00000020       0x20 startup.o

.debug_line     0x00000000       0xe5
 .debug_line    0x00000000       0x6a main.o
 .debug_line    0x0000006a       0x7b startup.o

.debug_str      0x00000000      0x1dc
 .debug_str     0x00000000      0x15c main.o
                                0x17a (size before relaxing)
 .debug_str     0x0000015c       0x80 startup.o
                                0x1a2 (size before relaxing)

.comment        0x00000000       0x7e
 .comment       0x00000000       0x7e main.o
                                 0x7f (size before relaxing)
 .comment       0x0000007e       0x7f startup.o

.ARM.attributes
                0x00000000       0x33
 .ARM.attributes
                0x00000000       0x33 main.o
 .ARM.attributes
                0x00000033       0x33 startup.o

.debug_frame    0x00000000       0x7c
 .debug_frame   0x00000000       0x2c main.o
 .debug_frame   0x0000002c       0x50 startup.o
